"blank"			"=========================="
"blank"			"REBIND ME (SKEYS and PIPETIMER)"
"blank"			"=========================="
"+skey_attack"	"#Valve_Primary_Attack"
"+skey_attack2"	"#Valve_Secondary_Attack"
"+skey_forward"	"#Valve_Move_Forward"
"+skey_back"	"#Valve_Move_Back"
"+skey_left"	"#Valve_Move_Left"
"+skey_right"	"#Valve_Move_Right"
"+skey_null_forward"	"Move forward (null)"
"+skey_null_back"	    "Move back (null)"
"+skey_null_left"	    "Move left (null)"
"+skey_null_right"	    "Move right (null)"
"+skey_jump"	"#Valve_Jump"
"+skey_duck"	"#Valve_Duck"
"pt_slot1"      "Slot 1"
"pt_slot2"      "Slot 2"
"pt_slot3"      "Slot 3"
"pt_qs"         "Quickswitch"
"blank"			"=========================="
"blank"			"JUMP"
"blank"			"=========================="
"+skey_ctap"    "CTap"
"+crouchjump"   "Crouch jump"
"+jds"          "JDS (jump duck shoot)"
"+tphold"       "Thirdperson (hold)"
"tptoggle"      "Thirdperson (toggle)"
"toggle_duck"   "Crouch (toggle)"
"+teb"          "Texture edge bug"
"jumpbugcrouch" "Jump bug (crouch)"
"+left"         "Turn left"
"+right"        "Turn right"
"viewmodeltoggle"    "Draw viewmodel (toggle)"
"noclip;sm_noclip"    "Noclip"
"blank"			"=========================="
"blank"			"JUMP SERVER"
"blank"			"=========================="
"sm_restart"    "Restart run"
"sm_setstart"   "Set start"
"sm_timer"      "Toggle timer"
"jh_save"       "Save location"
"jh_tele"       "Teleport to saved location"
"sm_hud"        "Tempus HUD (toggle)"
"sm_bcheck"     "Bounce check"
"sm_bcheck2"    "Bounce check 2"
"toggle mat_fullbright"         "Full bright (toggle)"
"sm_showtriggers"               "Show triggers (toggle)"
"toggle r_drawclipsbrushes 0 2" "Draw clip brushes (toggle)"
"toggle mat_luxels"             "Draw luxels (toggle)"
"jh_shader_vis_toggle; hud_reloadscheme"     "Hud shaders (toggle)"
"blank"			"=========================="
"blank"			"JUMP SPRAYS"
"blank"			"=========================="
"+spraypaint"           "Spraypaint"
"sm_spray"              "Tempus spray"
"spray_massiveWood"     "Spray wood"
"spray_WoodFB"          "Spray wood (full bright)"
"spray_massiveWoodL"    "Spray wood alt"
"spray_massiveDev"      "Spray dev (blue)"
"spray_massiveDevRed"   "Spray dev (red)"
"spray_wallhacklarge"   "Spray Wallhack"
"spray_golly"           "Spray Golly"
"blank"			"=========================="
"blank"			"SPEEDOS"
"blank"			"=========================="
"jh_speedo_s_toggle"    "Toggle soldier speedos"
"jh_speedo_d_toggle"    "Toggle demo speedos"
"jh_bspeedos_toggle"    "Toggle bar speedos"
"jh_gspeedos_toggle"    "Toggle speedo graphs"
"toggle_tempus_hspeedo"      "Toggle Tempus horizontal speedo"
"toggle_tempus_vspeedo"      "Toggle Tempus vertical speedo"
"toggle_tempus_aspeedo"      "Toggle Tempus absolute speedo"
"blank"			"=========================="
"blank"			"#Valve_Movement_Title"
"blank"			"=========================="
"+forward"		"#Valve_Move_Forward"
"+back"			"#Valve_Move_Back"
"+moveleft"		"#Valve_Move_Left"
"+moveright"	"#Valve_Move_Right"
"+jump"			"#Valve_Jump"
"+duck"			"#Valve_Duck"
"+moveup"		"#Valve_Swim_Up"
"+movedown"		"#Valve_Swim_Down"
"+lookup"		"#Valve_Look_Up"
"+lookdown"		"#Valve_Look_Down"
"blank"			"=========================="
"blank"			"#Valve_Communication_Title"
"blank"			"=========================="
"+voicerecord"	"#Valve_Use_Voice_Communication"
"say"			"#Valve_Chat_Message"
"say_team"		"#Valve_Team_Message"
"voice_menu_1"	"#TF_Voice_Menu_A"
"voice_menu_2"	"#TF_Voice_Menu_B"
"voice_menu_3"	"#TF_Voice_Menu_C"
"+helpme"		"#TF_Call_For_Help"
"blank"			"=========================="
"blank"			"#TF_Title"
"blank"			"=========================="
"changeclass"	"#Valve_Change_Class"
"changeteam"	"#Valve_Change_Team"
"open_charinfo_direct" "#TF_Open_Charinfo"
"open_charinfo_backpack" "#TF_Open_Charinfo_Backpack"
"show_quest_log" "#TF_Show_Quest_Log"
"show_matchmaking" "#TF_Matchmaking_Show"
"+quickswitch"	"#TF_Quickswitch"
"load_itempreset 0"	"#TF_LoadPreset0"
"load_itempreset 1"	"#TF_LoadPreset1"
"load_itempreset 2"	"#TF_LoadPreset2"
"load_itempreset 3"	"#TF_LoadPreset3"
"dropitem"		"#TF_DropFlag"
"+taunt"		"#TF_Taunt"
"+use_action_slot_item"	"#TF_Action"
"+context_action"	"#TF_Context_Action"
"showmapinfo"	"#TF_MapInfo"
"+inspect"		"#TF_Inspect"
"callvote"		"#TF_call_vote"
"player_ready_toggle"	"#TF_Player_ReadyToggle"
"blank"			"=========================="
"blank"			"#TF_ClassSpecific_Keys"
"blank"			"=========================="
"+attack2"		"#TF_ClassSkill_Demoman"
"+attack2"		"#TF_ClassSkill_Heavy"
"+attack2"		"#TF_ClassSkill_Medic"
"+attack2"		"#TF_ClassSkill_Sniper"
"+attack2"		"#TF_ClassSkill_Spy"
"lastdisguise"	"#TF_ClassSkill_Spy_LastDisguise"
"disguiseteam"	"#TF_ClassSkill_Spy_DisguiseTeam"
"blank"			"=========================="
"blank"			"#Valve_Combat_Title"
"blank"			"=========================="
"+attack"		"#Valve_Primary_Attack"
"+attack2"		"#Valve_Secondary_Attack"
"+attack3"		"#TF_Special_Attack"
"+reload"		"#Valve_Reload_Weapon"
"invprev"		"#Valve_Previous_Weapon"
"invnext"		"#Valve_Next_Weapon"
"lastinv"		"#Valve_Last_Weapon_Used"
"slot1"			"#Valve_Weapon_Category_1"
"slot2"			"#Valve_Weapon_Category_2"
"slot3" 		"#Valve_Weapon_Category_3"
"slot4"			"#Valve_Weapon_Category_4"
"slot5"			"#Valve_Weapon_Category_5"
"slot6"			"#Valve_Weapon_Category_6"
"slot7"			"#Valve_Weapon_Category_7"
"slot8"			"#Valve_Weapon_Category_8"
"slot9"			"#Valve_Weapon_Category_9"
"slot10"		"#Valve_Weapon_Category_0"
"blank"			"=========================="
"blank"			"#Valve_Miscellaneous_Title"
"blank"			"=========================="
"impulse 201"	"#Valve_Spray_Logo"
"+showscores"	"#Valve_Display_Scores"
"screenshot"	"#Valve_Take_Screen_Shot"
"save_replay"	"#Replay_SaveReplay"
"abuse_report_queue"			"#AbuseReport_QueueCommandName"
"quit"			"#Valve_Quit_Game"
"toggleconsole"	"#Valve_Console_Toggle"
"askconnect_accept"	"#Valve_Accept_Redirect"
"cl_trigger_first_notification" "#TF_Notification_Trigger"
"cl_decline_first_notification" "#TF_Notification_Decline"
